version https://git-lfs.github.com/spec/v1
oid sha256:1f7001cb9d24cf75bfab74316d0aed51107d31b873a2f3b6f71cc208d14d653f
size 11382
