version https://git-lfs.github.com/spec/v1
oid sha256:9224c6c9c1ae7ac16f8589e65077484c254d90fb2dc3e94a167a1d2be71ddc39
size 12708
