version https://git-lfs.github.com/spec/v1
oid sha256:b69ec227ebdd369a2dfd7aedb0bb59a1c2937ac73e288be993b0c32fd5cd2d27
size 64
