version https://git-lfs.github.com/spec/v1
oid sha256:bcb1fbc609d9da36567ad242951be8c39d728755fdcf15ce913c4a97b2a51592
size 56
