version https://git-lfs.github.com/spec/v1
oid sha256:ec85b3cecd5c6a830fd10750a51e2186296907da0b6274b2cc9282722e45483b
size 5217
