version https://git-lfs.github.com/spec/v1
oid sha256:44c963b52e7278dfd546bb8f12629c3273510ebced8d720ba2af39f9ab3f80fa
size 2070
