version https://git-lfs.github.com/spec/v1
oid sha256:9174a1cab0d20c571cd5a41fa3a21486278c6700f81a05a0510f7dc1a2362811
size 8236
