version https://git-lfs.github.com/spec/v1
oid sha256:c69ea108c3e11cbde083193ed6088d4cbb72ee46f5818e245e7e2f3e9f56d2f1
size 41
