version https://git-lfs.github.com/spec/v1
oid sha256:856f40c92d8e983058ee2b7f04fefe3c2ec771a99e09426f1c359992f8e27665
size 60
