version https://git-lfs.github.com/spec/v1
oid sha256:e3111b080bd1ea1ce3f46dbdd75a784191e6be96aa5b8cb46706d3773a81627d
size 9
