version https://git-lfs.github.com/spec/v1
oid sha256:4da52e0fe6744f46e69c0818265c29004968de229bd7777f9870d8262cf9c775
size 5
