version https://git-lfs.github.com/spec/v1
oid sha256:d19a466c3274db4ea10e080a682f9dc48e316f78b1acd106c80e649ef1bd817d
size 55140
