version https://git-lfs.github.com/spec/v1
oid sha256:23e81b745d192d2386562e9fc38b05da77ec02124deba0ef2feec417c8e2b91e
size 32
