version https://git-lfs.github.com/spec/v1
oid sha256:6ee381420cae4ccbd42f762522720d3ad02e9610e83faa4c8a2c1e2df17c9768
size 15
