version https://git-lfs.github.com/spec/v1
oid sha256:02b9b0bef83e394283087b901f0d80f4ad12bacbb3dfa06b86ab8deb6020a828
size 11
