version https://git-lfs.github.com/spec/v1
oid sha256:d67f1f820cec97af01468bd24e3fd4ad6c29b2938b7a99f7a4251e77aa71c759
size 6
