version https://git-lfs.github.com/spec/v1
oid sha256:a8c8704687490f20e1992b9d6a9578237617ebd0894ee14f5682acea27e3845a
size 20
