version https://git-lfs.github.com/spec/v1
oid sha256:2c3cfaebc263d2c438831b986a46d9e41ce3bccfa3c760fccacf26036366df55
size 20
