version https://git-lfs.github.com/spec/v1
oid sha256:be72c903d43e0194b3bdb8567937e421d584d6546b36cc0935c949b723f6507c
size 1817
