version https://git-lfs.github.com/spec/v1
oid sha256:d2f5b58c2f036b9ecc28445ae8d8278e4c6d9a6ea943ca0bc82bc1cf467367ae
size 530
