version https://git-lfs.github.com/spec/v1
oid sha256:4df84d8644a79dafd464e219849229fca6176975db9d5197db7d4804432f1593
size 472
