version https://git-lfs.github.com/spec/v1
oid sha256:aa17ae27b892e6f4a4a8fa5faad8dae3576a7c86c539703ac23135d5f7f3d8ef
size 76
