version https://git-lfs.github.com/spec/v1
oid sha256:51a254ac644d1cfec23acf85759ac34bb15e226b2871e6e150ad40de7f3db0e5
size 2596
