version https://git-lfs.github.com/spec/v1
oid sha256:70592f707a6841a2e9f3106a8d894e37cbedc3b113a771663e6c062221917062
size 1945
