version https://git-lfs.github.com/spec/v1
oid sha256:f3a154b9531ec66a11b35fbd3f4d923e17346195cbc6a0e31156d2b9dfd0bfe4
size 2147
