version https://git-lfs.github.com/spec/v1
oid sha256:77cf60cebe467019f0374fb0ced19ed72e392068ad8af43a05418fdcd66d8560
size 446
