version https://git-lfs.github.com/spec/v1
oid sha256:d6fc83971481803b35bd0369caec4dd3ed5ea3b934220e1dd7431d149e287b30
size 466
