version https://git-lfs.github.com/spec/v1
oid sha256:4c8caf156805ac97e258f5dc1aa09282677aa93c38eb44b91e9e52fcbf3f9bac
size 1063
