version https://git-lfs.github.com/spec/v1
oid sha256:0c80c5f53cf69091c15f10d019711da0163d2a57c3fb83b103941115ffcfaa75
size 927
