version https://git-lfs.github.com/spec/v1
oid sha256:3619aa99684725060fb524944cc0995f08f99d3b0cd851461756355dda6b95e2
size 342
