version https://git-lfs.github.com/spec/v1
oid sha256:5401b768fcd7e42e6adb102a3ae0a7d5415ed182bbf41b87449d105002f1fff3
size 38
