version https://git-lfs.github.com/spec/v1
oid sha256:7a6b7393ed02db6048866bdea4c3539c8f1f8aa562b5e1ca6f57a478b310f7e2
size 199
