version https://git-lfs.github.com/spec/v1
oid sha256:77663d7e3fa4f93ec86ee32b59c6c31781b3622b577fc18127af38768e961c11
size 365
