version https://git-lfs.github.com/spec/v1
oid sha256:2c1aebdd799540f5b14cb5962daba32183c99ff91744364700d1ccbdbe962ab3
size 65540
