version https://git-lfs.github.com/spec/v1
oid sha256:b459888ee287f485079eed6eee09ded002acd4e4f8ddb5e22cc2f423ac257021
size 242
