version https://git-lfs.github.com/spec/v1
oid sha256:40dce867ab9502bad876d57267b9e84d66bd12148b16f9381b38444be804a2fb
size 8204
