version https://git-lfs.github.com/spec/v1
oid sha256:d0f4afc4f0ac05cc5c367b660531c1a212fa682b698d7fab14205ccdc9caaa64
size 51
