version https://git-lfs.github.com/spec/v1
oid sha256:a8c84c91151c65a1fe3a42567fce9477c1222d1f97fa1b163e764976bfd0078d
size 1606
