version https://git-lfs.github.com/spec/v1
oid sha256:f582d8c7b46dd401f44db9ca20e30f7147712831556ed657bcee644d16a28267
size 766
