version https://git-lfs.github.com/spec/v1
oid sha256:341e14ee406ef7e91ab5ce477139619cee79ddf6a192b0f6e8bf06a95d2b2308
size 1146
