version https://git-lfs.github.com/spec/v1
oid sha256:0214a19df93fe078d8ce86b57f9fa0fd672f796ebc4723f426c11a7ed6b8ebda
size 751
