version https://git-lfs.github.com/spec/v1
oid sha256:acaf7ce902708f0e11cfda45cb9a7ab9fe91a03e40de1e10e365a7dea4e5f21d
size 275
