version https://git-lfs.github.com/spec/v1
oid sha256:79072a3b6b119dce4b179200db3651bf5a906bcd390faa14e8180a6b53a2e285
size 1823
