version https://git-lfs.github.com/spec/v1
oid sha256:0ba37dd88bc0a9de738394eb2c1e9be56e5f8f4b1e0180b18236d4e0709b633c
size 440
