version https://git-lfs.github.com/spec/v1
oid sha256:167f3f4687187c4bc468ab20e6f8442a5d61fe530a82453b678ae12d08a28564
size 337
