version https://git-lfs.github.com/spec/v1
oid sha256:1f13e93ec7def29294f6ba4928164b8cceb393efaa77bb77d874337564f5159b
size 1883
