version https://git-lfs.github.com/spec/v1
oid sha256:40e08bbcd0d4f7e0480a7255d870acf848df1544d12939c6dbfb9c83f0a1fca4
size 277
