version https://git-lfs.github.com/spec/v1
oid sha256:81d2cbb997f8b7906c4d6f4c7063ec21c4ed94d4aa45b2429efd70680fcb1c39
size 4168
