version https://git-lfs.github.com/spec/v1
oid sha256:54841124b6db9c0ba3c374eba2e2d123c1fbf8063099cdd1154dc2d28bb3cc3b
size 51055
