version https://git-lfs.github.com/spec/v1
oid sha256:16ff1d182b1c0f027c1d14c95b7afa6bc67e42ddc093ead21a5363d116e40d20
size 49
